
> leakmap-ai@0.1.0 dev
> next dev --hostname 127.0.0.1 --port 3000

▲ Next.js 16.2.4 (Turbopack)
- Local:         http://127.0.0.1:3000
- Network:       http://127.0.0.1:3000
✓ Ready in 1075ms

 GET / 200 in 569ms (next.js: 312ms, application-code: 257ms)
 GET / 200 in 146ms (next.js: 10ms, application-code: 136ms)
 GET / 200 in 137ms (next.js: 14ms, application-code: 122ms)
 GET / 200 in 260ms (next.js: 20ms, application-code: 240ms)
 GET / 200 in 342ms (next.js: 13ms, application-code: 330ms)
 GET / 200 in 137ms (next.js: 8ms, application-code: 129ms)
 GET / 200 in 184ms (next.js: 7ms, application-code: 177ms)
 POST /api/analyze 200 in 441ms (next.js: 397ms, application-code: 44ms)
 GET / 200 in 554ms (next.js: 209ms, application-code: 345ms)
 GET / 200 in 1019ms (next.js: 642ms, application-code: 377ms)
 GET / 200 in 135ms (next.js: 23ms, application-code: 112ms)
✓ Compiled in 2.7s
 GET / 200 in 848ms (next.js: 679ms, application-code: 169ms)
 GET / 200 in 1212ms (next.js: 91ms, application-code: 1121ms)
 GET / 200 in 429ms (next.js: 276ms, application-code: 154ms)
 GET / 200 in 455ms (next.js: 74ms, application-code: 381ms)
 GET / 200 in 1255ms (next.js: 16ms, application-code: 1239ms)
 GET / 200 in 849ms (next.js: 15ms, application-code: 834ms)
 GET / 200 in 861ms (next.js: 95ms, application-code: 766ms)
 GET / 200 in 298ms (next.js: 68ms, application-code: 231ms)
✓ Compiled in 329ms
✓ Compiled in 1714ms
 GET / 200 in 840ms (next.js: 697ms, application-code: 142ms)
 GET / 200 in 84ms (next.js: 12ms, application-code: 72ms)
 GET / 200 in 231ms (next.js: 12ms, application-code: 219ms)
 GET / 200 in 248ms (next.js: 11ms, application-code: 237ms)
 GET / 200 in 187ms (next.js: 12ms, application-code: 175ms)
 GET / 200 in 106ms (next.js: 11ms, application-code: 95ms)
 GET / 200 in 1454ms (next.js: 369ms, application-code: 1084ms)
 GET / 200 in 971ms (next.js: 20ms, application-code: 951ms)
 GET / 200 in 899ms (next.js: 59ms, application-code: 840ms)
 GET / 200 in 901ms (next.js: 138ms, application-code: 762ms)
 GET / 200 in 869ms (next.js: 339ms, application-code: 530ms)
 GET / 200 in 866ms (next.js: 512ms, application-code: 354ms)
 GET / 200 in 524ms (next.js: 28ms, application-code: 496ms)
 GET / 200 in 440ms (next.js: 35ms, application-code: 405ms)
 GET / 200 in 241ms (next.js: 64ms, application-code: 177ms)
 GET / 200 in 218ms (next.js: 26ms, application-code: 192ms)
 GET / 200 in 126ms (next.js: 14ms, application-code: 112ms)
 GET / 200 in 281ms (next.js: 25ms, application-code: 256ms)
 GET / 200 in 287ms (next.js: 106ms, application-code: 181ms)
 GET / 200 in 299ms (next.js: 200ms, application-code: 99ms)
 GET / 200 in 502ms (next.js: 14ms, application-code: 488ms)
 GET / 200 in 436ms (next.js: 19ms, application-code: 417ms)
 GET / 200 in 306ms (next.js: 16ms, application-code: 290ms)
 GET / 200 in 307ms (next.js: 113ms, application-code: 194ms)
 GET / 200 in 80ms (next.js: 15ms, application-code: 65ms)
 GET / 200 in 192ms (next.js: 13ms, application-code: 179ms)
 GET / 200 in 113ms (next.js: 15ms, application-code: 98ms)
 GET / 200 in 79ms (next.js: 26ms, application-code: 53ms)
 GET / 200 in 217ms (next.js: 15ms, application-code: 202ms)
 GET / 200 in 534ms (next.js: 19ms, application-code: 514ms)
 GET / 200 in 431ms (next.js: 161ms, application-code: 269ms)
 GET / 200 in 440ms (next.js: 95ms, application-code: 345ms)
 GET / 200 in 434ms (next.js: 217ms, application-code: 217ms)
 GET / 200 in 444ms (next.js: 309ms, application-code: 135ms)
 GET / 200 in 129ms (next.js: 41ms, application-code: 88ms)
 GET / 200 in 86ms (next.js: 11ms, application-code: 75ms)
 GET / 200 in 86ms (next.js: 15ms, application-code: 71ms)
 GET / 200 in 510ms (next.js: 12ms, application-code: 499ms)
 GET / 200 in 439ms (next.js: 13ms, application-code: 426ms)
 GET / 200 in 435ms (next.js: 16ms, application-code: 419ms)
 GET / 200 in 439ms (next.js: 125ms, application-code: 314ms)
 GET / 200 in 439ms (next.js: 282ms, application-code: 157ms)
 GET / 200 in 508ms (next.js: 208ms, application-code: 300ms)
 GET / 200 in 413ms (next.js: 18ms, application-code: 395ms)
 GET / 200 in 337ms (next.js: 20ms, application-code: 317ms)
 GET / 200 in 262ms (next.js: 13ms, application-code: 249ms)
 GET / 200 in 263ms (next.js: 78ms, application-code: 186ms)
 GET / 200 in 96ms (next.js: 13ms, application-code: 83ms)
 GET / 200 in 687ms (next.js: 334ms, application-code: 352ms)
 GET / 200 in 161ms (next.js: 76ms, application-code: 85ms)
 GET / 200 in 161ms (next.js: 14ms, application-code: 147ms)
 GET / 200 in 394ms (next.js: 29ms, application-code: 366ms)
 GET / 200 in 394ms (next.js: 94ms, application-code: 299ms)
 GET / 200 in 395ms (next.js: 165ms, application-code: 231ms)
 GET / 200 in 168ms (next.js: 14ms, application-code: 154ms)
 GET / 200 in 91ms (next.js: 14ms, application-code: 77ms)
 GET / 200 in 535ms (next.js: 347ms, application-code: 187ms)
 GET / 200 in 142ms (next.js: 17ms, application-code: 125ms)
 GET / 200 in 1008ms (next.js: 13ms, application-code: 995ms)
 GET / 200 in 605ms (next.js: 14ms, application-code: 591ms)
 GET / 200 in 474ms (next.js: 36ms, application-code: 438ms)
✓ Compiled in 610ms
 GET / 200 in 1043ms (next.js: 800ms, application-code: 244ms)
 GET / 200 in 104ms (next.js: 17ms, application-code: 88ms)
 GET / 200 in 91ms (next.js: 12ms, application-code: 79ms)
 GET / 200 in 71ms (next.js: 12ms, application-code: 59ms)
 GET / 200 in 720ms (next.js: 14ms, application-code: 706ms)
✓ Compiled in 554ms
✓ Compiled in 134ms
 GET / 200 in 1052ms (next.js: 566ms, application-code: 486ms)
 GET / 200 in 385ms (next.js: 23ms, application-code: 362ms)
 GET / 200 in 383ms (next.js: 104ms, application-code: 279ms)
 GET / 200 in 385ms (next.js: 182ms, application-code: 203ms)
 GET / 200 in 130ms (next.js: 28ms, application-code: 102ms)
✓ Compiled in 181ms
 GET / 200 in 1060ms (next.js: 624ms, application-code: 437ms)
 GET / 200 in 475ms (next.js: 32ms, application-code: 443ms)
 GET / 200 in 487ms (next.js: 175ms, application-code: 312ms)
 GET / 200 in 236ms (next.js: 26ms, application-code: 210ms)
 GET / 200 in 241ms (next.js: 139ms, application-code: 102ms)
✓ Compiled in 218ms
 GET / 200 in 1180ms (next.js: 624ms, application-code: 556ms)
 GET / 200 in 364ms (next.js: 17ms, application-code: 346ms)
 GET / 200 in 365ms (next.js: 76ms, application-code: 289ms)
 GET / 200 in 368ms (next.js: 145ms, application-code: 223ms)
 GET / 200 in 142ms (next.js: 21ms, application-code: 122ms)
✓ Compiled in 122ms
 GET / 200 in 1141ms (next.js: 597ms, application-code: 544ms)
 GET / 200 in 406ms (next.js: 23ms, application-code: 383ms)
 GET / 200 in 403ms (next.js: 87ms, application-code: 317ms)
 GET / 200 in 404ms (next.js: 164ms, application-code: 241ms)
 GET / 200 in 169ms (next.js: 35ms, application-code: 134ms)
 GET / 200 in 496ms (next.js: 15ms, application-code: 481ms)
✓ Compiled in 1203ms
 GET / 200 in 655ms (next.js: 151ms, application-code: 504ms)
✓ Compiled in 444ms
 GET / 200 in 924ms (next.js: 736ms, application-code: 188ms)
 GET / 200 in 50ms (next.js: 14ms, application-code: 36ms)
 GET / 200 in 60ms (next.js: 13ms, application-code: 48ms)
 GET / 200 in 66ms (next.js: 13ms, application-code: 53ms)
 GET / 200 in 49ms (next.js: 8ms, application-code: 41ms)
 GET / 200 in 59ms (next.js: 9ms, application-code: 50ms)
 GET / 200 in 51ms (next.js: 9ms, application-code: 42ms)
✓ Compiled in 153ms
 GET / 200 in 677ms (next.js: 507ms, application-code: 170ms)
 GET / 200 in 51ms (next.js: 9ms, application-code: 42ms)
 GET / 200 in 48ms (next.js: 9ms, application-code: 39ms)
 GET / 200 in 164ms (next.js: 9ms, application-code: 156ms)
 GET / 200 in 111ms (next.js: 10ms, application-code: 101ms)
 GET / 200 in 61ms (next.js: 9ms, application-code: 52ms)
 GET / 200 in 57ms (next.js: 8ms, application-code: 49ms)
 GET / 200 in 225ms (next.js: 13ms, application-code: 212ms)
[demo] Firestore: saved case LM-9F3A-21E4
[demo] Pub/Sub: published scan job msg-1777388290261-00lggc for case LM-9F3A-21E4
[demo] BigQuery: logged propagation event for LM-9F3A-21E4/StadiumLeaksHD-2
[demo] BigQuery: logged propagation event for LM-9F3A-21E4/MirrorScore247-1
[demo] BigQuery: logged propagation event for LM-9F3A-21E4/BettingWireLive-4
[demo] BigQuery: logged propagation event for LM-9F3A-21E4/ArenaPlus Official-5
[demo] BigQuery: logged propagation event for LM-9F3A-21E4/ClipChaos-3
 POST /api/analyze 200 in 454ms (next.js: 374ms, application-code: 80ms)
  Reload env: .env.local
 GET / 200 in 430ms (next.js: 312ms, application-code: 118ms)
 GET / 200 in 42ms (next.js: 9ms, application-code: 33ms)
 GET / 200 in 33ms (next.js: 5ms, application-code: 28ms)
 POST /api/analyze 200 in 4.0s (next.js: 779ms, application-code: 3.2s)
 POST /api/analyze 200 in 4.0s (next.js: 10ms, application-code: 4.0s)
 POST /api/analyze 200 in 1413ms (next.js: 9ms, application-code: 1404ms)
✓ Compiled in 616ms
 GET / 200 in 871ms (next.js: 642ms, application-code: 229ms)
 GET / 200 in 70ms (next.js: 9ms, application-code: 61ms)
✓ Compiled in 72ms
 GET / 200 in 416ms (next.js: 275ms, application-code: 141ms)
 GET / 200 in 59ms (next.js: 9ms, application-code: 50ms)
 GET / 200 in 672ms (next.js: 209ms, application-code: 463ms)
 GET / 200 in 410ms (next.js: 7ms, application-code: 403ms)
 GET / 200 in 384ms (next.js: 6ms, application-code: 379ms)
 GET / 200 in 384ms (next.js: 14ms, application-code: 370ms)
 GET / 200 in 377ms (next.js: 39ms, application-code: 338ms)
 GET / 200 in 385ms (next.js: 13ms, application-code: 372ms)
 GET / 200 in 384ms (next.js: 89ms, application-code: 296ms)
 GET / 200 in 387ms (next.js: 63ms, application-code: 324ms)
 GET / 200 in 305ms (next.js: 48ms, application-code: 257ms)
 GET / 200 in 309ms (next.js: 12ms, application-code: 296ms)
 GET / 200 in 307ms (next.js: 95ms, application-code: 212ms)
 GET / 200 in 343ms (next.js: 137ms, application-code: 206ms)
 GET / 200 in 423ms (next.js: 10ms, application-code: 413ms)
 GET / 200 in 397ms (next.js: 8ms, application-code: 389ms)
 GET / 200 in 424ms (next.js: 16ms, application-code: 407ms)
 GET / 200 in 383ms (next.js: 19ms, application-code: 365ms)
 GET / 200 in 400ms (next.js: 42ms, application-code: 358ms)
 GET / 200 in 369ms (next.js: 54ms, application-code: 315ms)
 GET / 200 in 370ms (next.js: 81ms, application-code: 289ms)
 GET / 200 in 371ms (next.js: 107ms, application-code: 264ms)
 GET / 200 in 292ms (next.js: 35ms, application-code: 258ms)
 GET / 200 in 294ms (next.js: 9ms, application-code: 286ms)
 GET / 200 in 293ms (next.js: 62ms, application-code: 231ms)
 GET / 200 in 293ms (next.js: 94ms, application-code: 199ms)
 GET / 200 in 166ms (next.js: 9ms, application-code: 157ms)
 GET / 200 in 104ms (next.js: 9ms, application-code: 95ms)
 GET / 200 in 70ms (next.js: 9ms, application-code: 61ms)
 GET / 200 in 37ms (next.js: 6ms, application-code: 31ms)
 POST /api/analyze 200 in 4.4s (next.js: 340ms, application-code: 4.1s)
 POST /api/analyze 200 in 4.1s (next.js: 8ms, application-code: 4.1s)
 POST /api/analyze 200 in 5.4s (next.js: 6ms, application-code: 5.4s)
✓ Compiled in 662ms
 GET / 200 in 833ms (next.js: 635ms, application-code: 198ms)
 GET / 200 in 764ms (next.js: 717ms, application-code: 47ms)
