[browser] Uncaught Error: Hydration failed because the server rendered text didn't match the client. As a result this tree will be regenerated on the client. This can happen if a SSR-ed Client Component used:

- A server/client branch `if (typeof window !== 'undefined')`.
- Variable input such as `Date.now()` or `Math.random()` which changes each time it's called.
- Date formatting in a user's locale which doesn't match the server.
- External changing data without sending a snapshot of it along with the HTML.
- Invalid HTML tag nesting.

It can also happen if the client has a browser extension installed which messes with the HTML before React loaded.

https://react.dev/link/hydration-mismatch

  ...
    <div className="min-h-scre...">
      <div className="mx-auto fl...">
        <header>
        <div className="mt-5 grid ...">
          <aside>
          <main className="flex min-w...">
            <Panel>
            <Panel>
            <Panel title="Unauthoriz..." kicker="Ranked sus..." action={<div>} emphasis="strong">
              <section className="overflow-h...">
                <div>
                <div className="px-5 py-5">
                  <div className="flex flex-...">
                    <label>
                    <div className="overflow-h...">
                      <div>
                      <div>
                        <MatchRow suspect={{id:"Stadiu...", ...}} active={true} onSelect={function onSelect}>
                          <button type="button" onClick={function onSelect} className="grid w-ful...">
                            <div className="min-w-0">
                              <div>
                              <p>
                              <p className="mt-2 text-...">
+                               Apr 28, 2:20 PM
-                               28 Apr, 2:20 pm
                            ...
                        ...
          ...

    at <unknown> (https://react.dev/link/hydration-mismatch)
    at throwOnHydrationMismatch (file://C:/Users/ASHWIN GOYAL/OneDrive/Desktop/BUILDGOOGLE/leakmap-ai/.next/dev/static/chunks/node_modules_next_dist_compiled_react-dom_058-ah~._.js:3318:56)
    at completeWork (file://C:/Users/ASHWIN GOYAL/OneDrive/Desktop/BUILDGOOGLE/leakmap-ai/.next/dev/static/chunks/node_modules_next_dist_compiled_react-dom_058-ah~._.js:7021:36)
    at runWithFiberInDEV (file://C:/Users/ASHWIN GOYAL/OneDrive/Desktop/BUILDGOOGLE/leakmap-ai/.next/dev/static/chunks/node_modules_next_dist_compiled_react-dom_058-ah~._.js:965:74)
    at completeUnitOfWork (file://C:/Users/ASHWIN GOYAL/OneDrive/Desktop/BUILDGOOGLE/leakmap-ai/.next/dev/static/chunks/node_modules_next_dist_compiled_react-dom_058-ah~._.js:9622:23)
    at performUnitOfWork (file://C:/Users/ASHWIN GOYAL/OneDrive/Desktop/BUILDGOOGLE/leakmap-ai/.next/dev/static/chunks/node_modules_next_dist_compiled_react-dom_058-ah~._.js:9557:28)
    at workLoopConcurrentByScheduler (file://C:/Users/ASHWIN GOYAL/OneDrive/Desktop/BUILDGOOGLE/leakmap-ai/.next/dev/static/chunks/node_modules_next_dist_compiled_react-dom_058-ah~._.js:9551:58)
    at renderRootConcurrent (file://C:/Users/ASHWIN GOYAL/OneDrive/Desktop/BUILDGOOGLE/leakmap-ai/.next/dev/static/chunks/node_modules_next_dist_compiled_react-dom_058-ah~._.js:9534:71)
    at performWorkOnRoot (file://C:/Users/ASHWIN GOYAL/OneDrive/Desktop/BUILDGOOGLE/leakmap-ai/.next/dev/static/chunks/node_modules_next_dist_compiled_react-dom_058-ah~._.js:9061:150)
    at performWorkOnRootViaSchedulerTask (file://C:/Users/ASHWIN GOYAL/OneDrive/Desktop/BUILDGOOGLE/leakmap-ai/.next/dev/static/chunks/node_modules_next_dist_compiled_react-dom_058-ah~._.js:10255:9)
    at MessagePort.performWorkUntilDeadline (file://C:/Users/ASHWIN GOYAL/OneDrive/Desktop/BUILDGOOGLE/leakmap-ai/.next/dev/static/chunks/node_modules_next_dist_compiled_0rpq4pf._.js:2647:64)
    at p (<anonymous>)
    at MatchRow (file://C:/Users/ASHWIN GOYAL/OneDrive/Desktop/BUILDGOOGLE/leakmap-ai/.next/dev/static/chunks/src_components_leakmap-workbench_tsx_0kekj2h._.js:336:223)
    at <unknown> (file://C:/Users/ASHWIN GOYAL/OneDrive/Desktop/BUILDGOOGLE/leakmap-ai/.next/dev/static/chunks/src_components_leakmap-workbench_tsx_0kekj2h._.js:1539:294)
    at Array.map (<anonymous>)
    at LeakMapWorkbench (file://C:/Users/ASHWIN GOYAL/OneDrive/Desktop/BUILDGOOGLE/leakmap-ai/.next/dev/static/chunks/src_components_leakmap-workbench_tsx_0kekj2h._.js:1539:77)
    at Home (about://React/Server/C:%5CUsers%5CASHWIN%20GOYAL%5COneDrive%5CDesktop%5CBUILDGOOGLE%5Cleakmap-ai%5C.next%5Cdev%5Cserver%5Cchunks%5Cssr%5C%5Broot-of-the-server%5D__0~veju.._.js?2:410:263)
[cloud] Pub/Sub publish error: Error: Pub/Sub publish failed: 403
    at publishScanJob (src\lib\cloud\pubsub.ts:43:24)
  41 |       }),
  42 |     });
> 43 |     if (!res.ok) throw new Error(`Pub/Sub publish failed: ${res.status}`);
     |                        ^
  44 |     const data = (await res.json()) as { messageIds?: string[] };
  45 |     return data.messageIds?.[0] ?? messageId;
  46 |   } catch (err) {
[cloud] Pub/Sub publish error: Error: Pub/Sub publish failed: 403
    at publishScanJob (src\lib\cloud\pubsub.ts:43:24)
  41 |       }),
  42 |     });
> 43 |     if (!res.ok) throw new Error(`Pub/Sub publish failed: ${res.status}`);
     |                        ^
  44 |     const data = (await res.json()) as { messageIds?: string[] };
  45 |     return data.messageIds?.[0] ?? messageId;
  46 |   } catch (err) {
[cloud] Pub/Sub publish error: Error: Pub/Sub publish failed: 403
    at publishScanJob (src\lib\cloud\pubsub.ts:43:24)
  41 |       }),
  42 |     });
> 43 |     if (!res.ok) throw new Error(`Pub/Sub publish failed: ${res.status}`);
     |                        ^
  44 |     const data = (await res.json()) as { messageIds?: string[] };
  45 |     return data.messageIds?.[0] ?? messageId;
  46 |   } catch (err) {
[cloud] Pub/Sub publish error: Error: Pub/Sub publish failed: 403
    at publishScanJob (src\lib\cloud\pubsub.ts:43:24)
  41 |       }),
  42 |     });
> 43 |     if (!res.ok) throw new Error(`Pub/Sub publish failed: ${res.status}`);
     |                        ^
  44 |     const data = (await res.json()) as { messageIds?: string[] };
  45 |     return data.messageIds?.[0] ?? messageId;
  46 |   } catch (err) {
[cloud] Pub/Sub publish error: Error: Pub/Sub publish failed: 403
    at publishScanJob (src\lib\cloud\pubsub.ts:43:24)
  41 |       }),
  42 |     });
> 43 |     if (!res.ok) throw new Error(`Pub/Sub publish failed: ${res.status}`);
     |                        ^
  44 |     const data = (await res.json()) as { messageIds?: string[] };
  45 |     return data.messageIds?.[0] ?? messageId;
  46 |   } catch (err) {
[cloud] Pub/Sub publish error: Error: Pub/Sub publish failed: 403
    at publishScanJob (src\lib\cloud\pubsub.ts:43:24)
  41 |       }),
  42 |     });
> 43 |     if (!res.ok) throw new Error(`Pub/Sub publish failed: ${res.status}`);
     |                        ^
  44 |     const data = (await res.json()) as { messageIds?: string[] };
  45 |     return data.messageIds?.[0] ?? messageId;
  46 |   } catch (err) {
